elseifDoErrorPos.lean:4:10-4:11: error: Application type mismatch: In the appplication
  @ite ?m x
the final argument
  x
has type
  Nat : Type
but is expected to have type
  Prop : Type
elseifDoErrorPos.lean:7:11-7:14: error: Application type mismatch: In the appplication
  pure "a"
the final argument
  "a"
has type
  String : Type
but is expected to have type
  Nat : Type
