sorryAtError.lean:13:46-13:47: error: Application type mismatch: In the appplication
  ty.ty Γ
the final argument
  Γ
has type
  x.ty.ctx : Type
but is expected to have type
  ty.ctx : Type
